<?php return array (
  0 => 'Symfony\\Bundle\\FrameworkBundle\\Controller\\AbstractController',
  1 => 'App\\Controller\\BackgroundController',
  2 => 'App\\Controller\\CampaignController',
  3 => 'App\\Controller\\CharacterClassController',
  4 => 'App\\Controller\\CharacterController',
  5 => 'App\\Controller\\FAQController',
  6 => 'App\\Controller\\FeedbackController',
  7 => 'App\\Controller\\NoteController',
  8 => 'App\\Controller\\RaceController',
  9 => 'App\\Controller\\SkillController',
  10 => 'App\\Controller\\SpellController',
  11 => 'App\\Controller\\TransformationController',
  12 => 'App\\Controller\\UserController',
  13 => 'App\\Entity\\Background',
  14 => 'App\\Entity\\Campaign',
  15 => 'App\\Entity\\Character',
  16 => 'App\\Entity\\CharacterClass',
  17 => 'App\\Entity\\Faq',
  18 => 'App\\Entity\\Feedback',
  19 => 'App\\Entity\\Note',
  20 => 'App\\Entity\\Race',
  21 => 'App\\Entity\\Skill',
  22 => 'App\\Entity\\Spell',
  23 => 'App\\Entity\\Transformation',
  24 => 'App\\Entity\\User',
  25 => 'Doctrine\\Bundle\\DoctrineBundle\\Controller\\ProfilerController',
  26 => 'Doctrine\\ORM\\Cache\\Persister\\Entity\\AbstractEntityPersister',
  27 => 'Doctrine\\ORM\\Cache\\Persister\\Entity\\CachedEntityPersister',
  28 => 'Doctrine\\ORM\\Cache\\Persister\\Entity\\NonStrictReadWriteCachedEntityPersister',
  29 => 'Doctrine\\ORM\\Cache\\Persister\\Entity\\ReadOnlyCachedEntityPersister',
  30 => 'Doctrine\\ORM\\Cache\\Persister\\Entity\\ReadWriteCachedEntityPersister',
  31 => 'Doctrine\\ORM\\Persisters\\Entity\\AbstractEntityInheritancePersister',
  32 => 'Doctrine\\ORM\\Persisters\\Entity\\BasicEntityPersister',
  33 => 'Doctrine\\ORM\\Persisters\\Entity\\CachedPersisterContext',
  34 => 'Doctrine\\ORM\\Persisters\\Entity\\EntityPersister',
  35 => 'Doctrine\\ORM\\Persisters\\Entity\\JoinedSubclassPersister',
  36 => 'Doctrine\\ORM\\Persisters\\Entity\\SingleTablePersister',
  38 => 'Symfony\\Bundle\\FrameworkBundle\\Controller\\ControllerResolver',
  39 => 'Symfony\\Bundle\\FrameworkBundle\\Controller\\RedirectController',
  40 => 'Symfony\\Bundle\\FrameworkBundle\\Controller\\TemplateController',
  41 => 'Symfony\\Component\\HttpKernel\\Controller\\ArgumentResolver',
  42 => 'Symfony\\Component\\HttpKernel\\Controller\\ArgumentResolverInterface',
  43 => 'Symfony\\Component\\HttpKernel\\Controller\\ArgumentResolver\\BackedEnumValueResolver',
  44 => 'Symfony\\Component\\HttpKernel\\Controller\\ArgumentResolver\\DateTimeValueResolver',
  45 => 'Symfony\\Component\\HttpKernel\\Controller\\ArgumentResolver\\DefaultValueResolver',
  46 => 'Symfony\\Component\\HttpKernel\\Controller\\ArgumentResolver\\NotTaggedControllerValueResolver',
  47 => 'Symfony\\Component\\HttpKernel\\Controller\\ArgumentResolver\\RequestAttributeValueResolver',
  48 => 'Symfony\\Component\\HttpKernel\\Controller\\ArgumentResolver\\RequestValueResolver',
  49 => 'Symfony\\Component\\HttpKernel\\Controller\\ArgumentResolver\\ServiceValueResolver',
  50 => 'Symfony\\Component\\HttpKernel\\Controller\\ArgumentResolver\\SessionValueResolver',
  51 => 'Symfony\\Component\\HttpKernel\\Controller\\ArgumentResolver\\TraceableValueResolver',
  52 => 'Symfony\\Component\\HttpKernel\\Controller\\ArgumentResolver\\UidValueResolver',
  53 => 'Symfony\\Component\\HttpKernel\\Controller\\ArgumentResolver\\VariadicValueResolver',
  54 => 'Symfony\\Component\\HttpKernel\\Controller\\ArgumentValueResolverInterface',
  55 => 'Symfony\\Component\\HttpKernel\\Controller\\ContainerControllerResolver',
  56 => 'Symfony\\Component\\HttpKernel\\Controller\\ControllerReference',
  57 => 'Symfony\\Component\\HttpKernel\\Controller\\ControllerResolver',
  58 => 'Symfony\\Component\\HttpKernel\\Controller\\ControllerResolverInterface',
  59 => 'Symfony\\Component\\HttpKernel\\Controller\\ErrorController',
  60 => 'Symfony\\Component\\HttpKernel\\Controller\\TraceableArgumentResolver',
  61 => 'Symfony\\Component\\HttpKernel\\Controller\\TraceableControllerResolver',
  62 => 'Symfony\\Component\\Security\\Http\\Controller\\UserValueResolver',
);