<?php return array (
  0 => 'Symfony\\Bundle\\FrameworkBundle\\Controller\\AbstractController',
  1 => 'App\\Entity\\Background',
  2 => 'App\\Entity\\Campaign',
  3 => 'App\\Entity\\Character',
  4 => 'App\\Entity\\CharacterClass',
  5 => 'App\\Entity\\Faq',
  6 => 'App\\Entity\\Feedback',
  7 => 'App\\Entity\\Note',
  8 => 'App\\Entity\\Race',
  9 => 'App\\Entity\\Skill',
  10 => 'App\\Entity\\Spell',
  11 => 'App\\Entity\\Transformation',
  12 => 'App\\Entity\\User',
  13 => 'Doctrine\\Bundle\\DoctrineBundle\\Controller\\ProfilerController',
  14 => 'Doctrine\\ORM\\Cache\\Persister\\Entity\\AbstractEntityPersister',
  15 => 'Doctrine\\ORM\\Cache\\Persister\\Entity\\CachedEntityPersister',
  16 => 'Doctrine\\ORM\\Cache\\Persister\\Entity\\NonStrictReadWriteCachedEntityPersister',
  17 => 'Doctrine\\ORM\\Cache\\Persister\\Entity\\ReadOnlyCachedEntityPersister',
  18 => 'Doctrine\\ORM\\Cache\\Persister\\Entity\\ReadWriteCachedEntityPersister',
  19 => 'Doctrine\\ORM\\Persisters\\Entity\\AbstractEntityInheritancePersister',
  20 => 'Doctrine\\ORM\\Persisters\\Entity\\BasicEntityPersister',
  21 => 'Doctrine\\ORM\\Persisters\\Entity\\CachedPersisterContext',
  22 => 'Doctrine\\ORM\\Persisters\\Entity\\EntityPersister',
  23 => 'Doctrine\\ORM\\Persisters\\Entity\\JoinedSubclassPersister',
  24 => 'Doctrine\\ORM\\Persisters\\Entity\\SingleTablePersister',
  26 => 'Symfony\\Bundle\\FrameworkBundle\\Controller\\ControllerResolver',
  27 => 'Symfony\\Bundle\\FrameworkBundle\\Controller\\RedirectController',
  28 => 'Symfony\\Bundle\\FrameworkBundle\\Controller\\TemplateController',
  29 => 'Symfony\\Component\\HttpKernel\\Controller\\ArgumentResolver',
  30 => 'Symfony\\Component\\HttpKernel\\Controller\\ArgumentResolverInterface',
  31 => 'Symfony\\Component\\HttpKernel\\Controller\\ArgumentResolver\\BackedEnumValueResolver',
  32 => 'Symfony\\Component\\HttpKernel\\Controller\\ArgumentResolver\\DateTimeValueResolver',
  33 => 'Symfony\\Component\\HttpKernel\\Controller\\ArgumentResolver\\DefaultValueResolver',
  34 => 'Symfony\\Component\\HttpKernel\\Controller\\ArgumentResolver\\NotTaggedControllerValueResolver',
  35 => 'Symfony\\Component\\HttpKernel\\Controller\\ArgumentResolver\\RequestAttributeValueResolver',
  36 => 'Symfony\\Component\\HttpKernel\\Controller\\ArgumentResolver\\RequestValueResolver',
  37 => 'Symfony\\Component\\HttpKernel\\Controller\\ArgumentResolver\\ServiceValueResolver',
  38 => 'Symfony\\Component\\HttpKernel\\Controller\\ArgumentResolver\\SessionValueResolver',
  39 => 'Symfony\\Component\\HttpKernel\\Controller\\ArgumentResolver\\TraceableValueResolver',
  40 => 'Symfony\\Component\\HttpKernel\\Controller\\ArgumentResolver\\UidValueResolver',
  41 => 'Symfony\\Component\\HttpKernel\\Controller\\ArgumentResolver\\VariadicValueResolver',
  42 => 'Symfony\\Component\\HttpKernel\\Controller\\ArgumentValueResolverInterface',
  43 => 'Symfony\\Component\\HttpKernel\\Controller\\ContainerControllerResolver',
  44 => 'Symfony\\Component\\HttpKernel\\Controller\\ControllerReference',
  45 => 'Symfony\\Component\\HttpKernel\\Controller\\ControllerResolver',
  46 => 'Symfony\\Component\\HttpKernel\\Controller\\ControllerResolverInterface',
  47 => 'Symfony\\Component\\HttpKernel\\Controller\\ErrorController',
  48 => 'Symfony\\Component\\HttpKernel\\Controller\\TraceableArgumentResolver',
  49 => 'Symfony\\Component\\HttpKernel\\Controller\\TraceableControllerResolver',
  50 => 'Symfony\\Component\\Security\\Http\\Controller\\UserValueResolver',
);